Skipping integrity re-scan (--skip-integrity).
Loading 5m frames (full sample_ratio=1.0)...
  load EURUSD...
  load GBPUSD...
  load USDJPY...
  load USDCAD...
  load AUDUSD...
  load USDCHF...
Building signal cache (once)...
  cache signals EURUSD...
    EURUSD: 51947 raw signals
  cache signals GBPUSD...
    GBPUSD: 57431 raw signals
  cache signals USDJPY...
    USDJPY: 52680 raw signals
  cache signals USDCAD...
    USDCAD: 53490 raw signals
  cache signals AUDUSD...
    AUDUSD: 52107 raw signals
  cache signals USDCHF...
    USDCHF: 48524 raw signals
Train grid size: 64
  train 1/64...
    period 2020-01-01->2021-12-31 filtered=84 wr=31.0% tpw=0.80 (24.7s)
  train 2/64...
    period 2020-01-01->2021-12-31 filtered=168 wr=31.0% tpw=0.80 (15.9s)
  train 3/64...
    period 2020-01-01->2021-12-31 filtered=86 wr=32.6% tpw=0.82 (26.3s)
  train 4/64...
    period 2020-01-01->2021-12-31 filtered=172 wr=32.6% tpw=0.82 (19.5s)
  train 5/64...
    period 2020-01-01->2021-12-31 filtered=84 wr=31.0% tpw=0.80 (18.8s)
  train 6/64...
    period 2020-01-01->2021-12-31 filtered=168 wr=31.0% tpw=0.80 (20.6s)
  train 7/64...
    period 2020-01-01->2021-12-31 filtered=86 wr=32.6% tpw=0.82 (22.5s)
  train 8/64...
    period 2020-01-01->2021-12-31 filtered=172 wr=32.6% tpw=0.82 (16.3s)
  train 9/64...
    period 2020-01-01->2021-12-31 filtered=97 wr=34.0% tpw=0.93 (15.7s)
  train 10/64...
    period 2020-01-01->2021-12-31 filtered=194 wr=34.0% tpw=0.93 (12.3s)
  train 11/64...
    period 2020-01-01->2021-12-31 filtered=99 wr=35.4% tpw=0.95 (11.6s)
  train 12/64...
    period 2020-01-01->2021-12-31 filtered=198 wr=35.4% tpw=0.95 (14.0s)
  train 13/64...
    period 2020-01-01->2021-12-31 filtered=97 wr=34.0% tpw=0.93 (11.8s)
  train 14/64...
    period 2020-01-01->2021-12-31 filtered=194 wr=34.0% tpw=0.93 (12.8s)
  train 15/64...
    period 2020-01-01->2021-12-31 filtered=99 wr=35.4% tpw=0.95 (9.4s)
  train 16/64...
    period 2020-01-01->2021-12-31 filtered=198 wr=35.4% tpw=0.95 (9.0s)
  train 17/64...
    period 2020-01-01->2021-12-31 filtered=307 wr=44.0% tpw=2.94 (9.4s)
  train 18/64...
    period 2020-01-01->2021-12-31 filtered=585 wr=44.6% tpw=3.01 (9.2s)
  train 19/64...
    period 2020-01-01->2021-12-31 filtered=361 wr=44.6% tpw=3.46 (10.0s)
  train 20/64...
    period 2020-01-01->2021-12-31 filtered=693 wr=45.1% tpw=3.52 (9.9s)
  train 21/64...
    period 2020-01-01->2021-12-31 filtered=330 wr=43.6% tpw=3.16 (11.6s)
  train 22/64...
    period 2020-01-01->2021-12-31 filtered=631 wr=44.2% tpw=3.23 (10.0s)
  train 23/64...
    period 2020-01-01->2021-12-31 filtered=386 wr=44.8% tpw=3.70 (10.0s)
  train 24/64...
    period 2020-01-01->2021-12-31 filtered=743 wr=45.3% tpw=3.76 (10.9s)
  train 25/64...
    period 2020-01-01->2021-12-31 filtered=463 wr=46.2% tpw=4.43 (11.1s)
  train 26/64...
    period 2020-01-01->2021-12-31 filtered=896 wr=46.6% tpw=4.50 (10.7s)
  train 27/64...
    period 2020-01-01->2021-12-31 filtered=519 wr=46.1% tpw=4.97 (9.6s)
  train 28/64...
    period 2020-01-01->2021-12-31 filtered=1008 wr=46.4% tpw=5.04 (10.6s)
  train 29/64...
    period 2020-01-01->2021-12-31 filtered=487 wr=45.8% tpw=4.66 (8.6s)
  train 30/64...
    period 2020-01-01->2021-12-31 filtered=944 wr=46.2% tpw=4.73 (11.3s)
  train 31/64...
    period 2020-01-01->2021-12-31 filtered=545 wr=46.0% tpw=5.21 (13.5s)
  train 32/64...
    period 2020-01-01->2021-12-31 filtered=1060 wr=46.3% tpw=5.28 (11.1s)
  train 33/64...
    period 2020-01-01->2021-12-31 filtered=740 wr=27.8% tpw=7.07 (8.8s)
  train 34/64...
    period 2020-01-01->2021-12-31 filtered=1241 wr=27.8% tpw=7.38 (12.2s)
  train 35/64...
    period 2020-01-01->2021-12-31 filtered=892 wr=33.0% tpw=8.50 (13.5s)
  train 36/64...
    period 2020-01-01->2021-12-31 filtered=1533 wr=32.6% tpw=8.86 (9.0s)
  train 37/64...
    period 2020-01-01->2021-12-31 filtered=807 wr=29.5% tpw=7.70 (9.6s)
  train 38/64...
    period 2020-01-01->2021-12-31 filtered=1371 wr=29.2% tpw=8.02 (9.5s)
  train 39/64...
    period 2020-01-01->2021-12-31 filtered=979 wr=34.8% tpw=9.32 (9.6s)
  train 40/64...
    period 2020-01-01->2021-12-31 filtered=1703 wr=34.3% tpw=9.68 (8.6s)
  train 41/64...
    period 2020-01-01->2021-12-31 filtered=1439 wr=40.1% tpw=13.62 (10.6s)
  train 42/64...
    period 2020-01-01->2021-12-31 filtered=2617 wr=39.9% tpw=14.40 (11.0s)
  train 43/64...
    period 2020-01-01->2021-12-31 filtered=1609 wr=41.6% tpw=15.14 (10.7s)
  train 44/64...
    period 2020-01-01->2021-12-31 filtered=2957 wr=41.2% tpw=15.86 (9.9s)
  train 45/64...
    period 2020-01-01->2021-12-31 filtered=1519 wr=40.4% tpw=14.37 (9.8s)
  train 46/64...
    period 2020-01-01->2021-12-31 filtered=2779 wr=40.2% tpw=15.11 (8.6s)
  train 47/64...
    period 2020-01-01->2021-12-31 filtered=1701 wr=41.8% tpw=16.00 (9.2s)
  train 48/64...
    period 2020-01-01->2021-12-31 filtered=3142 wr=41.5% tpw=16.63 (8.8s)
  train 49/64...
    period 2020-01-01->2021-12-31 filtered=846 wr=25.4% tpw=8.07 (9.4s)
  train 50/64...
    period 2020-01-01->2021-12-31 filtered=1416 wr=25.3% tpw=8.56 (10.1s)
  train 51/64...
    period 2020-01-01->2021-12-31 filtered=1142 wr=30.3% tpw=10.87 (9.3s)
  train 52/64...
    period 2020-01-01->2021-12-31 filtered=1940 wr=29.5% tpw=11.75 (10.3s)
  train 53/64...
    period 2020-01-01->2021-12-31 filtered=998 wr=27.0% tpw=9.50 (9.4s)
  train 54/64...
    period 2020-01-01->2021-12-31 filtered=1655 wr=26.6% tpw=10.20 (8.3s)
  train 55/64...
    period 2020-01-01->2021-12-31 filtered=1325 wr=33.4% tpw=12.51 (9.1s)
  train 56/64...
    period 2020-01-01->2021-12-31 filtered=2256 wr=32.4% tpw=13.58 (10.4s)
  train 57/64...
    period 2020-01-01->2021-12-31 filtered=2362 wr=39.6% tpw=21.40 (10.4s)
  train 58/64...
    period 2020-01-01->2021-12-31 filtered=4388 wr=39.9% tpw=22.69 (11.8s)
  train 59/64...
    period 2020-01-01->2021-12-31 filtered=2564 wr=41.6% tpw=22.74 (11.4s)
  train 60/64...
    period 2020-01-01->2021-12-31 filtered=4819 wr=42.3% tpw=23.59 (9.9s)
  train 61/64...
    period 2020-01-01->2021-12-31 filtered=2465 wr=39.8% tpw=22.05 (10.3s)
  train 62/64...
    period 2020-01-01->2021-12-31 filtered=4624 wr=40.2% tpw=23.10 (6.3s)
  train 63/64...
    period 2020-01-01->2021-12-31 filtered=2665 wr=42.3% tpw=23.15 (7.0s)
  train 64/64...
    period 2020-01-01->2021-12-31 filtered=5061 wr=42.9% tpw=23.85 (9.7s)
Train funnel survivors: 0
    period 2020-01-01->2021-12-31 filtered=84 wr=31.0% tpw=0.80 (8.9s)
    period 2020-01-01->2021-12-31 filtered=168 wr=31.0% tpw=0.80 (10.1s)
    period 2020-01-01->2021-12-31 filtered=86 wr=32.6% tpw=0.82 (10.0s)
    period 2020-01-01->2021-12-31 filtered=172 wr=32.6% tpw=0.82 (9.9s)
    period 2020-01-01->2021-12-31 filtered=84 wr=31.0% tpw=0.80 (10.8s)
    period 2020-01-01->2021-12-31 filtered=168 wr=31.0% tpw=0.80 (9.3s)
    period 2020-01-01->2021-12-31 filtered=86 wr=32.6% tpw=0.82 (8.7s)
    period 2020-01-01->2021-12-31 filtered=172 wr=32.6% tpw=0.82 (9.4s)
    period 2020-01-01->2021-12-31 filtered=97 wr=34.0% tpw=0.93 (12.5s)
    period 2020-01-01->2021-12-31 filtered=194 wr=34.0% tpw=0.93 (21.6s)
    period 2020-01-01->2021-12-31 filtered=99 wr=35.4% tpw=0.95 (21.8s)
    period 2020-01-01->2021-12-31 filtered=198 wr=35.4% tpw=0.95 (24.5s)
    period 2020-01-01->2021-12-31 filtered=97 wr=34.0% tpw=0.93 (30.5s)
    period 2020-01-01->2021-12-31 filtered=194 wr=34.0% tpw=0.93 (20.2s)
    period 2020-01-01->2021-12-31 filtered=99 wr=35.4% tpw=0.95 (32.4s)
    period 2020-01-01->2021-12-31 filtered=198 wr=35.4% tpw=0.95 (14.2s)
    period 2020-01-01->2021-12-31 filtered=307 wr=44.0% tpw=2.94 (10.2s)
    period 2020-01-01->2021-12-31 filtered=585 wr=44.6% tpw=3.01 (11.7s)
    period 2020-01-01->2021-12-31 filtered=361 wr=44.6% tpw=3.46 (9.8s)
    period 2020-01-01->2021-12-31 filtered=693 wr=45.1% tpw=3.52 (10.8s)
    period 2020-01-01->2021-12-31 filtered=330 wr=43.6% tpw=3.16 (13.5s)
    period 2020-01-01->2021-12-31 filtered=631 wr=44.2% tpw=3.23 (25.1s)
    period 2020-01-01->2021-12-31 filtered=386 wr=44.8% tpw=3.70 (17.7s)
    period 2020-01-01->2021-12-31 filtered=743 wr=45.3% tpw=3.76 (24.4s)
    period 2020-01-01->2021-12-31 filtered=463 wr=46.2% tpw=4.43 (13.5s)
    period 2020-01-01->2021-12-31 filtered=896 wr=46.6% tpw=4.50 (12.4s)
    period 2020-01-01->2021-12-31 filtered=519 wr=46.1% tpw=4.97 (15.8s)
    period 2020-01-01->2021-12-31 filtered=1008 wr=46.4% tpw=5.04 (13.1s)
    period 2020-01-01->2021-12-31 filtered=487 wr=45.8% tpw=4.66 (14.5s)
    period 2020-01-01->2021-12-31 filtered=944 wr=46.2% tpw=4.73 (14.9s)
    period 2020-01-01->2021-12-31 filtered=545 wr=46.0% tpw=5.21 (16.4s)
    period 2020-01-01->2021-12-31 filtered=1060 wr=46.3% tpw=5.28 (14.6s)
    period 2020-01-01->2021-12-31 filtered=740 wr=27.8% tpw=7.07 (15.7s)
    period 2020-01-01->2021-12-31 filtered=1241 wr=27.8% tpw=7.38 (16.2s)
    period 2020-01-01->2021-12-31 filtered=892 wr=33.0% tpw=8.50 (15.3s)
    period 2020-01-01->2021-12-31 filtered=1533 wr=32.6% tpw=8.86 (11.0s)
    period 2020-01-01->2021-12-31 filtered=807 wr=29.5% tpw=7.70 (9.7s)
    period 2020-01-01->2021-12-31 filtered=1371 wr=29.2% tpw=8.02 (11.1s)
    period 2020-01-01->2021-12-31 filtered=979 wr=34.8% tpw=9.32 (11.1s)
    period 2020-01-01->2021-12-31 filtered=1703 wr=34.3% tpw=9.68 (11.8s)
    period 2020-01-01->2021-12-31 filtered=1439 wr=40.1% tpw=13.62 (11.3s)
    period 2020-01-01->2021-12-31 filtered=2617 wr=39.9% tpw=14.40 (11.6s)
    period 2020-01-01->2021-12-31 filtered=1609 wr=41.6% tpw=15.14 (11.2s)
    period 2020-01-01->2021-12-31 filtered=2957 wr=41.2% tpw=15.86 (12.3s)
    period 2020-01-01->2021-12-31 filtered=1519 wr=40.4% tpw=14.37 (13.0s)
    period 2020-01-01->2021-12-31 filtered=2779 wr=40.2% tpw=15.11 (11.8s)
    period 2020-01-01->2021-12-31 filtered=1701 wr=41.8% tpw=16.00 (18.5s)
    period 2020-01-01->2021-12-31 filtered=3142 wr=41.5% tpw=16.63 (21.4s)
    period 2020-01-01->2021-12-31 filtered=846 wr=25.4% tpw=8.07 (12.8s)
    period 2020-01-01->2021-12-31 filtered=1416 wr=25.3% tpw=8.56 (11.3s)
    period 2020-01-01->2021-12-31 filtered=1142 wr=30.3% tpw=10.87 (16.1s)
    period 2020-01-01->2021-12-31 filtered=1940 wr=29.5% tpw=11.75 (10.6s)
    period 2020-01-01->2021-12-31 filtered=998 wr=27.0% tpw=9.50 (14.2s)
    period 2020-01-01->2021-12-31 filtered=1655 wr=26.6% tpw=10.20 (16.6s)
    period 2020-01-01->2021-12-31 filtered=1325 wr=33.4% tpw=12.51 (10.5s)
    period 2020-01-01->2021-12-31 filtered=2256 wr=32.4% tpw=13.58 (10.3s)
    period 2020-01-01->2021-12-31 filtered=2362 wr=39.6% tpw=21.40 (11.2s)
    period 2020-01-01->2021-12-31 filtered=4388 wr=39.9% tpw=22.69 (12.3s)
    period 2020-01-01->2021-12-31 filtered=2564 wr=41.6% tpw=22.74 (12.5s)
    period 2020-01-01->2021-12-31 filtered=4819 wr=42.3% tpw=23.59 (10.8s)
    period 2020-01-01->2021-12-31 filtered=2465 wr=39.8% tpw=22.05 (10.8s)
    period 2020-01-01->2021-12-31 filtered=4624 wr=40.2% tpw=23.10 (15.0s)
    period 2020-01-01->2021-12-31 filtered=2665 wr=42.3% tpw=23.15 (14.3s)
    period 2020-01-01->2021-12-31 filtered=5061 wr=42.9% tpw=23.85 (19.7s)
Fallback candidates: 8
    period 2022-01-01->2023-12-31 filtered=1650 wr=41.8% tpw=15.52 (16.6s)
    period 2022-01-01->2023-12-31 filtered=1576 wr=41.1% tpw=14.89 (18.9s)
    period 2022-01-01->2023-12-31 filtered=3081 wr=41.7% tpw=16.09 (22.7s)
    period 2022-01-01->2023-12-31 filtered=2921 wr=41.1% tpw=15.47 (13.9s)
    period 2022-01-01->2023-12-31 filtered=1404 wr=39.3% tpw=13.34 (14.8s)
    period 2022-01-01->2023-12-31 filtered=2569 wr=39.5% tpw=13.98 (9.5s)
    period 2022-01-01->2023-12-31 filtered=1344 wr=38.8% tpw=12.81 (7.3s)
    period 2022-01-01->2023-12-31 filtered=2440 wr=38.9% tpw=13.47 (9.5s)
Kill setups on validate...
    period 2022-01-01->2023-12-31 filtered=785 wr=38.1% tpw=7.53 (8.3s)
    period 2022-01-01->2023-12-31 filtered=963 wr=49.6% tpw=9.22 (6.8s)
    period 2022-01-01->2023-12-31 filtered=992 wr=33.6% tpw=9.48 (14.2s)
    period 2022-01-01->2023-12-31 filtered=542 wr=37.8% tpw=5.20 (13.5s)
    period 2022-01-01->2023-12-31 filtered=954 wr=57.1% tpw=9.14 (10.8s)
    period 2022-01-01->2023-12-31 filtered=582 wr=41.8% tpw=5.58 (10.3s)
    period 2022-01-01->2023-12-31 filtered=835 wr=43.0% tpw=8.00 (11.0s)
    period 2022-01-01->2023-12-31 filtered=182 wr=41.8% tpw=1.75 (13.4s)
    period 2022-01-01->2023-12-31 filtered=785 wr=38.1% tpw=7.53 (18.5s)
    period 2020-01-01->2021-12-31 filtered=790 wr=37.9% tpw=7.55 (21.9s)
Frozen hash: 84c21821d4ee45123a218b063e3505ce553db3237574dde2b494ad6c19f60ca3
Running OOS once (hard stop after)...
    period 2024-01-01->2026-09-21 filtered=1070 wr=38.2% tpw=7.51 (25.3s)
VERDICT: FAIL
Report: C:\personal\ICT_v11\audit\reports\QUALITY_LADDER_FILTER_ONLY_OOS_RESULT.md
