Skipping integrity re-scan (--skip-integrity).
Loading 5m frames (full sample_ratio=1.0)...
  load EURUSD...
  load GBPUSD...
  load USDJPY...
  load USDCAD...
  load AUDUSD...
  load USDCHF...
Building signal cache (once)...
  cache signals EURUSD...
    EURUSD: 51947 raw signals
  cache signals GBPUSD...
    GBPUSD: 57431 raw signals
  cache signals USDJPY...
    USDJPY: 52680 raw signals
  cache signals USDCAD...
    USDCAD: 53490 raw signals
  cache signals AUDUSD...
    AUDUSD: 52107 raw signals
  cache signals USDCHF...
    USDCHF: 48524 raw signals
Train grid size: 16
  train 1/16...
    period 2020-01-01->2021-12-31 filtered=5679 wr=40.7% tpw=32.65 (9.1s)
  train 2/16...
    period 2020-01-01->2021-12-31 filtered=8214 wr=41.4% tpw=37.55 (5.5s)
  train 3/16...
    period 2020-01-01->2021-12-31 filtered=5164 wr=40.8% tpw=30.56 (5.4s)
  train 4/16...
    period 2020-01-01->2021-12-31 filtered=7380 wr=40.9% tpw=34.89 (5.5s)
  train 5/16...
    period 2020-01-01->2021-12-31 filtered=5390 wr=40.1% tpw=31.36 (5.9s)
  train 6/16...
    period 2020-01-01->2021-12-31 filtered=7741 wr=40.9% tpw=35.71 (7.1s)
  train 7/16...
    period 2020-01-01->2021-12-31 filtered=4810 wr=40.2% tpw=28.02 (6.3s)
  train 8/16...
    period 2020-01-01->2021-12-31 filtered=6799 wr=40.6% tpw=31.65 (5.7s)
  train 9/16...
    period 2020-01-01->2021-12-31 filtered=2386 wr=31.1% tpw=14.95 (5.8s)
  train 10/16...
    period 2020-01-01->2021-12-31 filtered=3029 wr=30.9% tpw=15.93 (5.2s)
  train 11/16...
    period 2020-01-01->2021-12-31 filtered=1664 wr=26.4% tpw=10.37 (5.1s)
  train 12/16...
    period 2020-01-01->2021-12-31 filtered=2081 wr=26.1% tpw=10.89 (5.2s)
  train 13/16...
    period 2020-01-01->2021-12-31 filtered=2001 wr=28.4% tpw=12.31 (5.2s)
  train 14/16...
    period 2020-01-01->2021-12-31 filtered=2555 wr=28.3% tpw=13.04 (5.2s)
  train 15/16...
    period 2020-01-01->2021-12-31 filtered=1416 wr=25.3% tpw=8.61 (5.0s)
  train 16/16...
    period 2020-01-01->2021-12-31 filtered=1782 wr=25.0% tpw=9.00 (5.1s)
Train funnel survivors: 0
    period 2020-01-01->2021-12-31 filtered=5679 wr=40.7% tpw=32.65 (5.3s)
    period 2020-01-01->2021-12-31 filtered=8214 wr=41.4% tpw=37.55 (5.3s)
    period 2020-01-01->2021-12-31 filtered=5164 wr=40.8% tpw=30.56 (5.4s)
    period 2020-01-01->2021-12-31 filtered=7380 wr=40.9% tpw=34.89 (5.4s)
    period 2020-01-01->2021-12-31 filtered=5390 wr=40.1% tpw=31.36 (5.3s)
    period 2020-01-01->2021-12-31 filtered=7741 wr=40.9% tpw=35.71 (5.2s)
    period 2020-01-01->2021-12-31 filtered=4810 wr=40.2% tpw=28.02 (5.2s)
    period 2020-01-01->2021-12-31 filtered=6799 wr=40.6% tpw=31.65 (5.3s)
    period 2020-01-01->2021-12-31 filtered=2386 wr=31.1% tpw=14.95 (5.2s)
    period 2020-01-01->2021-12-31 filtered=3029 wr=30.9% tpw=15.93 (5.1s)
    period 2020-01-01->2021-12-31 filtered=1664 wr=26.4% tpw=10.37 (5.2s)
    period 2020-01-01->2021-12-31 filtered=2081 wr=26.1% tpw=10.89 (5.4s)
    period 2020-01-01->2021-12-31 filtered=2001 wr=28.4% tpw=12.31 (5.2s)
    period 2020-01-01->2021-12-31 filtered=2555 wr=28.3% tpw=13.04 (5.2s)
    period 2020-01-01->2021-12-31 filtered=1416 wr=25.3% tpw=8.61 (5.1s)
    period 2020-01-01->2021-12-31 filtered=1782 wr=25.0% tpw=9.00 (5.1s)
Fallback candidates: 4
    period 2022-01-01->2023-12-31 filtered=1239 wr=21.3% tpw=7.64 (5.1s)
    period 2022-01-01->2023-12-31 filtered=1545 wr=21.6% tpw=8.01 (5.2s)
    period 2022-01-01->2023-12-31 filtered=1430 wr=23.9% tpw=9.01 (5.0s)
    period 2022-01-01->2023-12-31 filtered=1789 wr=23.9% tpw=9.55 (5.2s)
Kill setups on validate...
    period 2022-01-01->2023-12-31 filtered=423 wr=20.2% tpw=3.85 (5.0s)
    period 2022-01-01->2023-12-31 filtered=227 wr=47.5% tpw=2.10 (4.8s)
    period 2022-01-01->2023-12-31 filtered=503 wr=11.8% tpw=4.71 (5.3s)
    period 2022-01-01->2023-12-31 filtered=275 wr=20.8% tpw=2.54 (5.0s)
    period 2022-01-01->2023-12-31 filtered=345 wr=55.2% tpw=3.21 (5.2s)
    period 2022-01-01->2023-12-31 filtered=327 wr=24.9% tpw=2.96 (6.5s)
    period 2022-01-01->2023-12-31 filtered=214 wr=37.6% tpw=2.04 (6.0s)
    period 2022-01-01->2023-12-31 filtered=40 wr=42.5% tpw=0.38 (5.0s)
    period 2022-01-01->2023-12-31 filtered=423 wr=20.2% tpw=3.85 (5.0s)
    period 2020-01-01->2021-12-31 filtered=466 wr=26.3% tpw=4.19 (6.3s)
Frozen hash: a71a0cd4d82b889ae84b159d11a1a4ae0caaf043133aa24d8b09e13bfbf71a88
Running OOS once (hard stop after)...
    period 2024-01-01->2026-09-21 filtered=611 wr=22.8% tpw=4.08 (5.6s)
VERDICT: FAIL
Report: C:\personal\ICT_v11\audit\reports\QUALITY_LADDER_OOS_RESULT.md
